[demo.themecanyon.org/html/construct/index.html]
[backblue.gif]
[fade.gif]
[index.html]
[demo.themecanyon.org/html/construct/images/logo-2.png]
[demo.themecanyon.org/html/construct/home-2.html]
[demo.themecanyon.org/html/construct/about.html]
[demo.themecanyon.org/html/construct/services.html]
[demo.themecanyon.org/html/construct/construction.html]
[demo.themecanyon.org/html/construct/architecture.html]
[demo.themecanyon.org/html/construct/consullting.html]
[demo.themecanyon.org/html/construct/metal-roofing.html]
[demo.themecanyon.org/html/construct/painting.html]
[demo.themecanyon.org/html/construct/electrical.html]
[demo.themecanyon.org/html/construct/under-construction.html]
[demo.themecanyon.org/html/construct/404.html]
[demo.themecanyon.org/html/construct/projects.html]
[demo.themecanyon.org/html/construct/blog.html]
[demo.themecanyon.org/html/construct/blog-w-l-s.html]
[demo.themecanyon.org/html/construct/blog-w-r-s.html]
[demo.themecanyon.org/html/construct/contact.html]
[demo.themecanyon.org/html/construct/images/slider.jpg]
[demo.themecanyon.org/html/construct/images/slider03.jpg]
[demo.themecanyon.org/html/construct/images/construction1.jpg]
[demo.themecanyon.org/html/construct/images/work-2.jpg]
[demo.themecanyon.org/html/construct/images/fulll-team.jpg]
[demo.themecanyon.org/html/construct/images/work-6_600x400.jpg]
[demo.themecanyon.org/html/construct/images/work-1_600x400.jpg]
[demo.themecanyon.org/html/construct/images/work-7_600x400.jpg]
[demo.themecanyon.org/html/construct/images/work-1234_600x400.jpg]
[demo.themecanyon.org/html/construct/images/work-4_600x400.jpg]
[demo.themecanyon.org/html/construct/images/work-12345_600x400.jpg]
[demo.themecanyon.org/html/construct/images/work_600x400.jpg]
[demo.themecanyon.org/html/construct/images/img1.jpg]
[demo.themecanyon.org/html/construct/images/blog-3_360x230.jpg]
[demo.themecanyon.org/html/construct/images/blog-1_360x230.jpg]
[demo.themecanyon.org/html/construct/images/blog-4_360x230.jpg]
[demo.themecanyon.org/html/construct/images/blog-5_360x230.jpg]
[demo.themecanyon.org/html/construct/images/team01.jpg]
[demo.themecanyon.org/html/construct/images/team08.jpg]
[demo.themecanyon.org/html/construct/images/original_100_client-11.png]
[demo.themecanyon.org/html/construct/images/client-2.png]
[demo.themecanyon.org/html/construct/images/client-3.png]
[demo.themecanyon.org/html/construct/images/client-4.png]
[demo.themecanyon.org/html/construct/images/client-5.png]
[demo.themecanyon.org/html/construct/images/client-6.png]
[demo.themecanyon.org/html/construct/images/logo-3.png]
[demo.themecanyon.org/html/construct/js/jQuery.js]
[demo.themecanyon.org/html/construct/js/bootstrap.js]
[demo.themecanyon.org/html/construct/js/jquery.matchHeight-min.js]
[demo.themecanyon.org/html/construct/js/appear.js]
[demo.themecanyon.org/html/construct/js/featherlight.min.js]
[demo.themecanyon.org/html/construct/js/jquery.shuffle.modernizr.min.js]
[demo.themecanyon.org/html/construct/js/spsimpleportfolio.js]
[demo.themecanyon.org/html/construct/js/owl.carousel.js]
[demo.themecanyon.org/html/construct/js/rev-tool.js]
[demo.themecanyon.org/html/construct/js/revolation.js]
[demo.themecanyon.org/html/construct/js/count-down.js]
[demo.themecanyon.org/html/construct/js/parallex.js]
[demo.themecanyon.org/html/construct/js/custom.js]
[demo.themecanyon.org/html/construct/index.html]
[demo.themecanyon.org/html/construct/css/bootstrap.css]
[demo.themecanyon.org/html/construct/fonts/et-line.eot]
[demo.themecanyon.org/html/construct/fonts/et-lined41d.eot]
[demo.themecanyon.org/html/construct/fonts/et-line.woff]
[demo.themecanyon.org/html/construct/fonts/et-line.ttf]
[demo.themecanyon.org/html/construct/css/et-fonts.css]
[demo.themecanyon.org/html/construct/fonts/fontawesome-webfont93e3.eot]
[demo.themecanyon.org/html/construct/fonts/fontawesome-webfontd41d.eot]
[demo.themecanyon.org/html/construct/fonts/fontawesome-webfont93e3.woff2]
[demo.themecanyon.org/html/construct/fonts/fontawesome-webfont93e3.woff]
[demo.themecanyon.org/html/construct/fonts/fontawesome-webfont93e3.ttf]
[demo.themecanyon.org/html/construct/css/font-awesome.min.css]
[demo.themecanyon.org/html/construct/fonts/revicons90c6.eot]
[demo.themecanyon.org/html/construct/fonts/revicons90c6.woff]
[demo.themecanyon.org/html/construct/fonts/revicons90c6.ttf]
[demo.themecanyon.org/html/construct/images/large_left.png]
[demo.themecanyon.org/html/construct/images/large_right.png]
[demo.themecanyon.org/html/construct/images/loader.gif]
[demo.themecanyon.org/html/construct/css/settings.css]
[demo.themecanyon.org/html/construct/css/static-captions.css]
[demo.themecanyon.org/html/construct/css/dynamic-captions.css]
[demo.themecanyon.org/html/construct/css/preset1.css]
[demo.themecanyon.org/html/construct/css/owl.carousel.css]
[demo.themecanyon.org/html/construct/css/owl.theme.css]
[demo.themecanyon.org/html/construct/css/featherlight.min.css]
[demo.themecanyon.org/html/construct/css/spsimpleportfolio.css]
[demo.themecanyon.org/html/construct/images/footer-bg.jpg]
[demo.themecanyon.org/html/construct/images/portfolio-bg.jpg]
[demo.themecanyon.org/html/construct/images/construction-hard-hat.jpg]
[demo.themecanyon.org/html/construct/images/Construction-Insurance.jpg]
[demo.themecanyon.org/html/construct/images/work-3.jpg]
[demo.themecanyon.org/html/construct/images/404.png]
[demo.themecanyon.org/html/construct/css/style.css]
[demo.themecanyon.org/html/construct/images/about.png]
[demo.themecanyon.org/html/construct/home-2.html]
[demo.themecanyon.org/html/construct/images/demo-1.png]
[demo.themecanyon.org/html/construct/images/demo-2.png]
[demo.themecanyon.org/html/construct/images/team-2.jpg]
[demo.themecanyon.org/html/construct/images/team-4.jpg]
[demo.themecanyon.org/html/construct/images/team-1.jpg]
[demo.themecanyon.org/html/construct/images/team-3.jpg]
[demo.themecanyon.org/html/construct/about.html]
[demo.themecanyon.org/html/construct/images/metal-roofing.jpg]
[demo.themecanyon.org/html/construct/images/page3_big_pic6.jpg]
[demo.themecanyon.org/html/construct/images/Electrical-Construction-Services.jpg]
[demo.themecanyon.org/html/construct/services.html]
[demo.themecanyon.org/html/construct/images/659384main_ED12-0162-23.jpg]
[demo.themecanyon.org/html/construct/images/construction_regulations.jpg]
[demo.themecanyon.org/html/construct/construction.html]
[demo.themecanyon.org/html/construct/images/work2.jpg]
[demo.themecanyon.org/html/construct/images/work.jpg]
[demo.themecanyon.org/html/construct/images/stunning-home-design-architecture-with-remodelling-design.jpg]
[demo.themecanyon.org/html/construct/images/work_002.jpg]
[demo.themecanyon.org/html/construct/js/jquery.prettyPhoto.js]
[demo.themecanyon.org/html/construct/architecture.html]
[demo.themecanyon.org/html/construct/consullting.html]
[demo.themecanyon.org/html/construct/metal-roofing.html]
[demo.themecanyon.org/html/construct/images/featur10.jpg]
[demo.themecanyon.org/html/construct/painting.html]
[demo.themecanyon.org/html/construct/images/electric_panel_install2-1600x500.jpg]
[demo.themecanyon.org/html/construct/images/electric-pic.bmp]
[demo.themecanyon.org/html/construct/electrical.html]
[demo.themecanyon.org/html/construct/under-construction.html]
[demo.themecanyon.org/html/construct/404.html]
[demo.themecanyon.org/html/construct/project-detail.html]
[demo.themecanyon.org/html/construct/images/work-5_600x400.jpg]
[demo.themecanyon.org/html/construct/images/work-10_600x400.jpg]
[demo.themecanyon.org/html/construct/images/work-3_600x400.jpg]
[demo.themecanyon.org/html/construct/images/work-9_600x400.jpg]
[demo.themecanyon.org/html/construct/projects.html]
[demo.themecanyon.org/html/construct/blog-detail.html]
[demo.themecanyon.org/html/construct/images/blog-3.jpg]
[demo.themecanyon.org/html/construct/images/blog-4.jpg]
[demo.themecanyon.org/html/construct/images/blog-5.jpg]
[demo.themecanyon.org/html/construct/blog2.html]
[demo.themecanyon.org/html/construct/blog.html]
[demo.themecanyon.org/html/construct/blog-w-l-s.html]
[demo.themecanyon.org/html/construct/blog-w-r-s.html]
[demo.themecanyon.org/html/construct/contact.html]
[demo.themecanyon.org/html/construct/images/work-8_600x400.html]
[demo.themecanyon.org/html/construct/fonts/glyphicons-halflings-regular.html]
[demo.themecanyon.org/html/construct/fonts/glyphicons-halflings-regulard41d.html]
[demo.themecanyon.org/html/construct/fonts/glyphicons-halflings-regular-2.html]
[demo.themecanyon.org/html/construct/fonts/glyphicons-halflings-regular-3.html]
[demo.themecanyon.org/html/construct/fonts/glyphicons-halflings-regular-4.html]
[demo.themecanyon.org/html/construct/fonts/glyphicons-halflings-regular-5.html]
[demo.themecanyon.org/html/construct/fonts/et-line.svg]
[demo.themecanyon.org/html/construct/fonts/fontawesome-webfont93e3.svg]
[demo.themecanyon.org/html/construct/assets/gridtile.html]
[demo.themecanyon.org/html/construct/assets/gridtile_white.html]
[demo.themecanyon.org/html/construct/assets/gridtile_3x3.html]
[demo.themecanyon.org/html/construct/assets/gridtile_3x3_white.html]
[demo.themecanyon.org/html/construct/assets/shadow1.html]
[demo.themecanyon.org/html/construct/assets/shadow2.html]
[demo.themecanyon.org/html/construct/assets/shadow3.html]
[demo.themecanyon.org/html/construct/images/gradient/g30.html]
[demo.themecanyon.org/html/construct/images/gradient/g40.html]
[demo.themecanyon.org/html/construct/assets/boxed_bgtile.html]
[demo.themecanyon.org/html/construct/assets/navigdots_bgtile.html]
[demo.themecanyon.org/html/construct/assets/bullet.html]
[demo.themecanyon.org/html/construct/assets/bullets.html]
[demo.themecanyon.org/html/construct/assets/bullets2.html]
[demo.themecanyon.org/html/construct/assets/bullet_boxed.html]
[demo.themecanyon.org/html/construct/assets/navigdots.html]
[demo.themecanyon.org/html/construct/assets/small_left.html]
[demo.themecanyon.org/html/construct/assets/small_right.html]
[demo.themecanyon.org/html/construct/assets/arrow_left.html]
[demo.themecanyon.org/html/construct/assets/arrow_right.html]
[demo.themecanyon.org/html/construct/assets/small_left_boxed.html]
[demo.themecanyon.org/html/construct/assets/small_right_boxed.html]
[demo.themecanyon.org/html/construct/assets/arrowleft.html]
[demo.themecanyon.org/html/construct/assets/arrowright.html]
[demo.themecanyon.org/html/construct/assets/arrow_left2.html]
[demo.themecanyon.org/html/construct/assets/arrow_right2.html]
[demo.themecanyon.org/html/construct/assets/large_left.html]
[demo.themecanyon.org/html/construct/assets/large_right.html]
[demo.themecanyon.org/html/construct/assets/coloredbg.html]
[demo.themecanyon.org/html/construct/css/grabbing.html]
[demo.themecanyon.org/html/construct/css/AjaxLoader.html]
[demo.themecanyon.org/html/construct/img/icon-play.html]
[demo.themecanyon.org/html/construct/js/smothscroll.html]
[demo.themecanyon.org/html/construct/js/counter.html]
[demo.themecanyon.org/html/construct/images/work-5.jpg]
[demo.themecanyon.org/html/construct/project-detail.html]
[demo.themecanyon.org/html/construct/blog-detail.html]
[demo.themecanyon.org/html/construct/blog2.html]
